
> mowla-web@1.0.0 build
> next build

  Ôû▓ Next.js 14.2.35

   Creating an optimized production build ...
 Ô£ô Compiled successfully
   Linting and checking validity of types ...
   Collecting page data ...
   Generating static pages (0/11) ...
node.exe : 
At line:1 char:1
+ & "C:\Program Files
\nodejs/node.exe" "C:
\Program Files\nodejs
/node_mo ...
+ ~~~~~~~~~~~~~~~~~~~
~~~~~~~~~~~~~~~~~~~~~
~~~~~~~~~~~~~~~~~~~~~
~~~~~~~~
    + CategoryInfo   
           : NotSpeci
fi    ed: (:String) [
],     RemoteExceptio
n
    + FullyQualifiedE
r    rorId : NativeCo
mm    andError
 
The `locale` paramete
r in `getRequestConfi
g` is deprecated, ple
ase switch to `await 
requestLocale`. See h
ttps://next-intl.dev/
blog/next-intl-3-22#a
wait-request-locale


A `locale` is expecte
d to be returned from
 `getRequestConfig`, 
but none was returned
. This will be an err
or in the next major 
version of next-intl.

See: https://next-int
l.dev/blog/next-intl-
3-22#await-request-lo
cale


The `locale` paramete
r in `getRequestConfi
g` is deprecated, ple
ase switch to `await 
requestLocale`. See h
ttps://next-intl.dev/
blog/next-intl-3-22#a
wait-request-locale


A `locale` is expecte
d to be returned from
 `getRequestConfig`, 
but none was returned
. This will be an err
or in the next major 
version of next-intl.

See: https://next-int
l.dev/blog/next-intl-
3-22#await-request-lo
cale


The `locale` paramete
r in `getRequestConfi
g` is deprecated, ple
ase switch to `await 
requestLocale`. See h
ttps://next-intl.dev/
blog/next-intl-3-22#a
wait-request-locale


A `locale` is expecte
d to be returned from
 `getRequestConfig`, 
but none was returned
. This will be an err
or in the next major 
version of next-intl.

See: https://next-int
l.dev/blog/next-intl-
3-22#await-request-lo
cale

   Generating static pages (2/11) 

The `locale` paramete
r in `getRequestConfi
g` is deprecated, ple
ase switch to `await 
requestLocale`. See h
ttps://next-intl.dev/
blog/next-intl-3-22#a
wait-request-locale


A `locale` is expecte
d to be returned from
 `getRequestConfig`, 
but none was returned
. This will be an err
or in the next major 
version of next-intl.

See: https://next-int
l.dev/blog/next-intl-
3-22#await-request-lo
cale


The `locale` paramete
r in `getRequestConfi
g` is deprecated, ple
ase switch to `await 
requestLocale`. See h
ttps://next-intl.dev/
blog/next-intl-3-22#a
wait-request-locale


A `locale` is expecte
d to be returned from
 `getRequestConfig`, 
but none was returned
. This will be an err
or in the next major 
version of next-intl.

See: https://next-int
l.dev/blog/next-intl-
3-22#await-request-lo
cale


The `locale` paramete
r in `getRequestConfi
g` is deprecated, ple
ase switch to `await 
requestLocale`. See h
ttps://next-intl.dev/
blog/next-intl-3-22#a
wait-request-locale


A `locale` is expecte
d to be returned from
 `getRequestConfig`, 
but none was returned
. This will be an err
or in the next major 
version of next-intl.

See: https://next-int
l.dev/blog/next-intl-
3-22#await-request-lo
cale

   Generating static pages (5/11) 

The `locale` paramete
r in `getRequestConfi
g` is deprecated, ple
ase switch to `await 
requestLocale`. See h
ttps://next-intl.dev/
blog/next-intl-3-22#a
wait-request-locale


A `locale` is expecte
d to be returned from
 `getRequestConfig`, 
but none was returned
. This will be an err
or in the next major 
version of next-intl.

See: https://next-int
l.dev/blog/next-intl-
3-22#await-request-lo
cale


The `locale` paramete
r in `getRequestConfi
g` is deprecated, ple
ase switch to `await 
requestLocale`. See h
ttps://next-intl.dev/
blog/next-intl-3-22#a
wait-request-locale


A `locale` is expecte
d to be returned from
 `getRequestConfig`, 
but none was returned
. This will be an err
or in the next major 
version of next-intl.

See: https://next-int
l.dev/blog/next-intl-
3-22#await-request-lo
cale

   Generating static pages (8/11) 
 Ô£ô Generating static pages (11/11)
   Finalizing page optimization ...
   Collecting build traces ...
 ÔÜá Statically expor
ting a Next.js applic
ation via `next expor
t` disables API route
s and middleware.
This command is meant
 for static-only host
s, and is not necessa
ry to make your appli
cation static.
Pages in your applica
tion without server-s
ide data dependencies
 will be automaticall
y statically exported
 by `next build`, inc
luding pages powered 
by `getStaticProps`.
Learn more: https://n
extjs.org/docs/messag
es/api-routes-static-
export

Route (app)                              Size     First Load JS
Ôöî Ôùï /_not-found                          873 B          88.3 kB
Ôö£ ÔùÅ /[locale]                            4.51 kB         169 kB
Ôö£   Ôö£ /so
Ôö£   Ôöö /en
Ôö£ ÔùÅ /[locale]/about                      4.75 kB         202 kB
Ôö£   Ôö£ /so/about
Ôö£   Ôöö /en/about
Ôö£ ÔùÅ /[locale]/contact                    2.49 kB         191 kB
Ôö£   Ôö£ /so/contact
Ôö£   Ôöö /en/contact
Ôöö ÔùÅ /[locale]/services                   2.47 kB         199 kB
    Ôö£ /so/services
    Ôöö /en/services
+ First Load JS shared by all            87.4 kB
  Ôö£ chunks/117-68a967612ebc79ed.js       31.8 kB
  Ôö£ chunks/fd9d1056-b11b2651f33aae7f.js  53.6 kB
  Ôöö other shared chunks (total)          1.92 kB


ãÆ Middleware                             47.7 kB

Ôùï  (Static)  prerendered as static content
ÔùÅ  (SSG)     prerendered as static HTML (uses getStaticProps)

